============================= test session starts ==============================
platform darwin -- Python 3.9.10, pytest-8.4.2, pluggy-1.6.0
benchmark: 4.0.0 (defaults: timer=time.perf_counter disable_gc=False min_rounds=5 min_time=0.000005 max_time=1.0 calibration_precision=10 warmup=False warmup_iterations=100000)
rootdir: /Users/matiasleandrokruk/Documents/DietIntel
configfile: pytest.ini
plugins: Faker-19.6.2, integration-0.2.3, httpx-0.35.0, cov-4.1.0, asyncio-0.21.1, xdist-3.3.0, mock-3.12.0, anyio-3.7.1, recording-0.12.2, benchmark-4.0.0
asyncio: mode=strict
collected 9 items

tests/social/test_follow_routes.py .........                             [100%]

=============================== warnings summary ===============================
app/models/user.py:26
  /Users/matiasleandrokruk/Documents/DietIntel/app/models/user.py:26: PydanticDeprecatedSince20: Pydantic V1 style `@validator` validators are deprecated. You should migrate to Pydantic V2 style `@field_validator` validators, see the migration guide for more details. Deprecated in Pydantic V2.0 to be removed in V3.0. See Pydantic V2 Migration Guide at https://errors.pydantic.dev/2.5/migration/
    @validator('email')

app/models/product.py:9
  /Users/matiasleandrokruk/Documents/DietIntel/app/models/product.py:9: PydanticDeprecatedSince20: Pydantic V1 style `@validator` validators are deprecated. You should migrate to Pydantic V2 style `@field_validator` validators, see the migration guide for more details. Deprecated in Pydantic V2.0 to be removed in V3.0. See Pydantic V2 Migration Guide at https://errors.pydantic.dev/2.5/migration/
    @validator("barcode")

app/models/tracking.py:13
  /Users/matiasleandrokruk/Documents/DietIntel/app/models/tracking.py:13: PydanticDeprecatedSince20: Pydantic V1 style `@root_validator` validators are deprecated. You should migrate to Pydantic V2 style `@model_validator` validators, see the migration guide for more details. Deprecated in Pydantic V2.0 to be removed in V3.0. See Pydantic V2 Migration Guide at https://errors.pydantic.dev/2.5/migration/
    @root_validator(pre=True)

../../miniforge3/lib/python3.9/site-packages/pydantic/fields.py:768: 10 warnings
  /Users/matiasleandrokruk/miniforge3/lib/python3.9/site-packages/pydantic/fields.py:768: PydanticDeprecatedSince20: `min_items` is deprecated and will be removed, use `min_length` instead. Deprecated in Pydantic V2.0 to be removed in V3.0. See Pydantic V2 Migration Guide at https://errors.pydantic.dev/2.5/migration/
    warn('`min_items` is deprecated and will be removed, use `min_length` instead', DeprecationWarning)

../../miniforge3/lib/python3.9/site-packages/pydantic/fields.py:774
../../miniforge3/lib/python3.9/site-packages/pydantic/fields.py:774
../../miniforge3/lib/python3.9/site-packages/pydantic/fields.py:774
../../miniforge3/lib/python3.9/site-packages/pydantic/fields.py:774
../../miniforge3/lib/python3.9/site-packages/pydantic/fields.py:774
../../miniforge3/lib/python3.9/site-packages/pydantic/fields.py:774
../../miniforge3/lib/python3.9/site-packages/pydantic/fields.py:774
  /Users/matiasleandrokruk/miniforge3/lib/python3.9/site-packages/pydantic/fields.py:774: PydanticDeprecatedSince20: `max_items` is deprecated and will be removed, use `max_length` instead. Deprecated in Pydantic V2.0 to be removed in V3.0. See Pydantic V2 Migration Guide at https://errors.pydantic.dev/2.5/migration/
    warn('`max_items` is deprecated and will be removed, use `max_length` instead', DeprecationWarning)

app/models/tracking.py:63
  /Users/matiasleandrokruk/Documents/DietIntel/app/models/tracking.py:63: PydanticDeprecatedSince20: Pydantic V1 style `@validator` validators are deprecated. You should migrate to Pydantic V2 style `@field_validator` validators, see the migration guide for more details. Deprecated in Pydantic V2.0 to be removed in V3.0. See Pydantic V2 Migration Guide at https://errors.pydantic.dev/2.5/migration/
    @validator('timestamp')

app/models/tracking.py:93
  /Users/matiasleandrokruk/Documents/DietIntel/app/models/tracking.py:93: PydanticDeprecatedSince20: Pydantic V1 style `@root_validator` validators are deprecated. You should migrate to Pydantic V2 style `@model_validator` validators, see the migration guide for more details. Deprecated in Pydantic V2.0 to be removed in V3.0. See Pydantic V2 Migration Guide at https://errors.pydantic.dev/2.5/migration/
    @root_validator(pre=True)

app/models/tracking.py:113
  /Users/matiasleandrokruk/Documents/DietIntel/app/models/tracking.py:113: PydanticDeprecatedSince20: Pydantic V1 style `@validator` validators are deprecated. You should migrate to Pydantic V2 style `@field_validator` validators, see the migration guide for more details. Deprecated in Pydantic V2.0 to be removed in V3.0. See Pydantic V2 Migration Guide at https://errors.pydantic.dev/2.5/migration/
    @validator('date')

../../miniforge3/lib/python3.9/site-packages/pydantic/_internal/_config.py:268
  /Users/matiasleandrokruk/miniforge3/lib/python3.9/site-packages/pydantic/_internal/_config.py:268: PydanticDeprecatedSince20: Support for class-based `config` is deprecated, use ConfigDict instead. Deprecated in Pydantic V2.0 to be removed in V3.0. See Pydantic V2 Migration Guide at https://errors.pydantic.dev/2.5/migration/
    warnings.warn(DEPRECATION_MESSAGE, DeprecationWarning)

app/models/recipe.py:89
  /Users/matiasleandrokruk/Documents/DietIntel/app/models/recipe.py:89: PydanticDeprecatedSince20: Pydantic V1 style `@validator` validators are deprecated. You should migrate to Pydantic V2 style `@field_validator` validators, see the migration guide for more details. Deprecated in Pydantic V2.0 to be removed in V3.0. See Pydantic V2 Migration Guide at https://errors.pydantic.dev/2.5/migration/
    @validator('cuisine_preferences')

app/models/recipe.py:95
  /Users/matiasleandrokruk/Documents/DietIntel/app/models/recipe.py:95: PydanticDeprecatedSince20: Pydantic V1 style `@validator` validators are deprecated. You should migrate to Pydantic V2 style `@field_validator` validators, see the migration guide for more details. Deprecated in Pydantic V2.0 to be removed in V3.0. See Pydantic V2 Migration Guide at https://errors.pydantic.dev/2.5/migration/
    @validator('dietary_restrictions')

app/models/shopping.py:102
  /Users/matiasleandrokruk/Documents/DietIntel/app/models/shopping.py:102: PydanticDeprecatedSince20: Pydantic V1 style `@validator` validators are deprecated. You should migrate to Pydantic V2 style `@field_validator` validators, see the migration guide for more details. Deprecated in Pydantic V2.0 to be removed in V3.0. See Pydantic V2 Migration Guide at https://errors.pydantic.dev/2.5/migration/
    @validator('source_recipes', pre=True)

app/models/shopping.py:139
  /Users/matiasleandrokruk/Documents/DietIntel/app/models/shopping.py:139: PydanticDeprecatedSince20: Pydantic V1 style `@validator` validators are deprecated. You should migrate to Pydantic V2 style `@field_validator` validators, see the migration guide for more details. Deprecated in Pydantic V2.0 to be removed in V3.0. See Pydantic V2 Migration Guide at https://errors.pydantic.dev/2.5/migration/
    @validator('immediate_savings', 'cost_per_unit_savings')

app/models/shopping.py:238
  /Users/matiasleandrokruk/Documents/DietIntel/app/models/shopping.py:238: PydanticDeprecatedSince20: Pydantic V1 style `@validator` validators are deprecated. You should migrate to Pydantic V2 style `@field_validator` validators, see the migration guide for more details. Deprecated in Pydantic V2.0 to be removed in V3.0. See Pydantic V2 Migration Guide at https://errors.pydantic.dev/2.5/migration/
    @validator('recipe_ids')

app/models/shopping.py:286
  /Users/matiasleandrokruk/Documents/DietIntel/app/models/shopping.py:286: PydanticDeprecatedSince20: Pydantic V1 style `@validator` validators are deprecated. You should migrate to Pydantic V2 style `@field_validator` validators, see the migration guide for more details. Deprecated in Pydantic V2.0 to be removed in V3.0. See Pydantic V2 Migration Guide at https://errors.pydantic.dev/2.5/migration/
    @validator('optimization_name', pre=True, always=True)

app/models/translation.py:16
  /Users/matiasleandrokruk/Documents/DietIntel/app/models/translation.py:16: PydanticDeprecatedSince20: Pydantic V1 style `@validator` validators are deprecated. You should migrate to Pydantic V2 style `@field_validator` validators, see the migration guide for more details. Deprecated in Pydantic V2.0 to be removed in V3.0. See Pydantic V2 Migration Guide at https://errors.pydantic.dev/2.5/migration/
    @validator('text')

app/models/translation.py:22
  /Users/matiasleandrokruk/Documents/DietIntel/app/models/translation.py:22: PydanticDeprecatedSince20: Pydantic V1 style `@validator` validators are deprecated. You should migrate to Pydantic V2 style `@field_validator` validators, see the migration guide for more details. Deprecated in Pydantic V2.0 to be removed in V3.0. See Pydantic V2 Migration Guide at https://errors.pydantic.dev/2.5/migration/
    @validator('source_lang', 'target_lang')

app/models/translation.py:42
  /Users/matiasleandrokruk/Documents/DietIntel/app/models/translation.py:42: PydanticDeprecatedSince20: Pydantic V1 style `@validator` validators are deprecated. You should migrate to Pydantic V2 style `@field_validator` validators, see the migration guide for more details. Deprecated in Pydantic V2.0 to be removed in V3.0. See Pydantic V2 Migration Guide at https://errors.pydantic.dev/2.5/migration/
    @validator('texts')

app/models/translation.py:58
  /Users/matiasleandrokruk/Documents/DietIntel/app/models/translation.py:58: PydanticDeprecatedSince20: Pydantic V1 style `@validator` validators are deprecated. You should migrate to Pydantic V2 style `@field_validator` validators, see the migration guide for more details. Deprecated in Pydantic V2.0 to be removed in V3.0. See Pydantic V2 Migration Guide at https://errors.pydantic.dev/2.5/migration/
    @validator('source_lang', 'target_lang')

app/models/translation.py:72
  /Users/matiasleandrokruk/Documents/DietIntel/app/models/translation.py:72: PydanticDeprecatedSince20: Pydantic V1 style `@validator` validators are deprecated. You should migrate to Pydantic V2 style `@field_validator` validators, see the migration guide for more details. Deprecated in Pydantic V2.0 to be removed in V3.0. See Pydantic V2 Migration Guide at https://errors.pydantic.dev/2.5/migration/
    @validator('food_names')

app/models/translation.py:88
  /Users/matiasleandrokruk/Documents/DietIntel/app/models/translation.py:88: PydanticDeprecatedSince20: Pydantic V1 style `@validator` validators are deprecated. You should migrate to Pydantic V2 style `@field_validator` validators, see the migration guide for more details. Deprecated in Pydantic V2.0 to be removed in V3.0. See Pydantic V2 Migration Guide at https://errors.pydantic.dev/2.5/migration/
    @validator('source_lang', 'target_lang')

tests/social/test_follow_routes.py::test_list_followers_with_pagination
tests/social/test_follow_routes.py::test_list_followers_with_pagination
  /Users/matiasleandrokruk/Documents/DietIntel/app/routes/profile.py:113: PydanticDeprecatedSince20: The `dict` method is deprecated; use `model_dump` instead. Deprecated in Pydantic V2.0 to be removed in V3.0. See Pydantic V2 Migration Guide at https://errors.pydantic.dev/2.5/migration/
    return result.dict()

tests/social/test_follow_routes.py::test_list_followers_with_pagination
tests/social/test_follow_routes.py::test_list_followers_with_pagination
tests/social/test_follow_routes.py::test_list_following_with_pagination
tests/social/test_follow_routes.py::test_list_following_with_pagination
  /Users/matiasleandrokruk/miniforge3/lib/python3.9/site-packages/pydantic/main.py:979: PydanticDeprecatedSince20: The `dict` method is deprecated; use `model_dump` instead. Deprecated in Pydantic V2.0 to be removed in V3.0. See Pydantic V2 Migration Guide at https://errors.pydantic.dev/2.5/migration/
    warnings.warn('The `dict` method is deprecated; use `model_dump` instead.', DeprecationWarning)

tests/social/test_follow_routes.py::test_list_following_with_pagination
tests/social/test_follow_routes.py::test_list_following_with_pagination
  /Users/matiasleandrokruk/Documents/DietIntel/app/routes/profile.py:132: PydanticDeprecatedSince20: The `dict` method is deprecated; use `model_dump` instead. Deprecated in Pydantic V2.0 to be removed in V3.0. See Pydantic V2 Migration Guide at https://errors.pydantic.dev/2.5/migration/
    return result.dict()

-- Docs: https://docs.pytest.org/en/stable/how-to/capture-warnings.html
======================== 9 passed, 44 warnings in 2.41s ========================
